../Core/Src/ds18b20.c:3:6:DS18B20_IO_IN	32	static
../Core/Src/ds18b20.c:10:6:DS18B20_IO_OUT	32	static
../Core/Src/ds18b20.c:18:6:DS18B20_Rst	8	static
../Core/Src/ds18b20.c:30:9:DS18B20_Check	16	static
../Core/Src/ds18b20.c:57:6:DS18B20_Write_Byte	24	static
../Core/Src/ds18b20.c:79:9:DS18B20_Read_Bit	16	static
../Core/Src/ds18b20.c:97:9:DS18B20_Read_Byte	16	static
../Core/Src/ds18b20.c:109:6:DS18B20_Start	8	static
../Core/Src/ds18b20.c:116:9:DS18B20_Init	32	static
../Core/Src/ds18b20.c:130:5:DS18B20_Get_Temperature	16	static
