../Core/Src/oled.c:18:6:led_cmd	32	static
../Core/Src/oled.c:27:6:led_data	32	static
../Core/Src/oled.c:36:6:led_init	8	static
../Core/Src/oled.c:67:6:clear_olde	152	static
../Core/Src/oled.c:79:6:clear_olde_Page	160	static
../Core/Src/oled.c:89:6:transform	24	static
../Core/Src/oled.c:96:6:oled_show	40	static
../Core/Src/oled.c:108:6:oled_wait	224	static
../Core/Src/oled.c:121:6:Oled_Show_MultiWord	160	static
../Core/Src/oled.c:199:6:Oled_Show_Word	48	static
../Core/Src/oled.c:241:6:oled_show_zero	40	static
../Core/Src/oled.c:246:6:oled_show_one	40	static
../Core/Src/oled.c:252:6:oled_show_two	40	static
../Core/Src/oled.c:257:6:oled_show_three	40	static
../Core/Src/oled.c:262:6:oled_show_four	40	static
../Core/Src/oled.c:267:6:oled_show_five	40	static
../Core/Src/oled.c:272:6:oled_show_six	40	static
../Core/Src/oled.c:277:6:oled_show_seven	40	static
../Core/Src/oled.c:282:6:oled_show_eight	40	static
../Core/Src/oled.c:287:6:oled_show_nine	40	static
../Core/Src/oled.c:292:6:oled_show_Dot	40	static
../Core/Src/oled.c:297:6:oled_show_minus	40	static
../Core/Src/oled.c:302:6:oled_show_Spa	40	static
../Core/Src/oled.c:307:6:oled_show_Col	40	static
../Core/Src/oled.c:313:6:show_unmber	16	static
../Core/Src/oled.c:327:6:show_3unmber	32	static
../Core/Src/oled.c:339:6:show_min_number	32	static
../Core/Src/oled.c:358:6:show_2_number	24	static
../Core/Src/oled.c:373:6:show_tem	88	static
../Core/Src/oled.c:395:6:show_tur	72	static
../Core/Src/oled.c:404:6:show_ip_conect	8	static
../Core/Src/oled.c:411:6:show_ip_disconect	8	static
../Core/Src/oled.c:416:6:show_Weal	96	static
../Core/Src/oled.c:427:6:show_Ph	64	static
